<course-table>
CS21,TRUE,m800,m330,NUA1,$,CS211
CS22,TRUE,m800,m330,NUA1,$,CS211
NUA1,TRUE,m800,CS21,CS22,$,NUA11

<faculty-table>
Faculty 1,TRUE,CS21,NUA1,$
Faculty 2,FALSE,NUA2,$